#
# There is insufficient memory for the Java Runtime Environment to continue.
# Native memory allocation (mmap) failed to map 8257536 bytes for G1 virtual space
# Possible reasons:
#   The system is out of physical RAM or swap space
#   The process is running with CompressedOops enabled, and the Java Heap may be blocking the growth of the native heap
# Possible solutions:
#   Reduce memory load on the system
#   Increase physical memory or swap space
#   Check if swap backing store is full
#   Decrease Java heap size (-Xmx/-Xms)
#   Decrease number of Java threads
#   Decrease Java thread stack sizes (-Xss)
#   Set larger code cache with -XX:ReservedCodeCacheSize=
#   JVM is running with Zero Based Compressed Oops mode in which the Java heap is
#     placed in the first 32GB address space. The Java Heap base address is the
#     maximum limit for the native heap growth. Please use -XX:HeapBaseMinAddress
#     to set the Java Heap base and to place the Java Heap above 32GB virtual address.
# This output file may be truncated or incomplete.
#
#  Out of Memory Error (os_windows.cpp:3559), pid=40400, tid=16376
#
# JRE version:  (17.0.7+7) (build )
# Java VM: OpenJDK 64-Bit Server VM (17.0.7+7-LTS, mixed mode, sharing, tiered, compressed oops, compressed class ptrs, g1 gc, windows-amd64)
# No core dump will be written. Minidumps are not enabled by default on client versions of Windows
#

---------------  S U M M A R Y ------------

Command Line: C:\Users\tony.mathew\AppData\Local\Temp\surefire14015709894899870059\surefirebooter-20250408181601114_3.jar C:\Users\tony.mathew\AppData\Local\Temp\surefire14015709894899870059 2025-04-08T18-16-00_897-jvmRun1 surefire-20250408181601114_1tmp surefire_0-20250408181601114_2tmp

Host: 11th Gen Intel(R) Core(TM) i5-1145G7 @ 2.60GHz, 8 cores, 31G,  Windows 11 , 64 bit Build 22621 (10.0.22621.4974)
Time: Tue Apr  8 18:16:01 2025 India Standard Time elapsed time: 0.026210 seconds (0d 0h 0m 0s)

---------------  T H R E A D  ---------------

Current thread (0x0000023e6786c110):  JavaThread "Unknown thread" [_thread_in_vm, id=16376, stack(0x000000c31af00000,0x000000c31b000000)]

Stack: [0x000000c31af00000,0x000000c31b000000]
Native frames: (J=compiled Java code, j=interpreted, Vv=VM code, C=native code)
V  [jvm.dll+0x67c77a]
V  [jvm.dll+0x83a0b4]
V  [jvm.dll+0x83b85e]
V  [jvm.dll+0x83bec3]
V  [jvm.dll+0x24a5af]
V  [jvm.dll+0x679649]
V  [jvm.dll+0x66deda]
V  [jvm.dll+0x309ccb]
V  [jvm.dll+0x311176]
V  [jvm.dll+0x361328]
V  [jvm.dll+0x36152f]
V  [jvm.dll+0x2e0c28]
V  [jvm.dll+0x2e1b94]
V  [jvm.dll+0x80c0a1]
V  [jvm.dll+0x36f0c1]
V  [jvm.dll+0x7eb5ac]
V  [jvm.dll+0x3f1d4f]
V  [jvm.dll+0x3f3881]
C  [jli.dll+0x532f]
C  [ucrtbase.dll+0x29333]
C  [KERNEL32.DLL+0x1259d]
C  [ntdll.dll+0x5af38]


---------------  P R O C E S S  ---------------

Threads class SMR info:
_java_thread_list=0x00007ffadcbe3098, length=0, elements={
}

Java Threads: ( => current thread )

Other Threads:
  0x0000023e67918c60 GCTaskThread "GC Thread#0" [stack: 0x000000c31b000000,0x000000c31b100000] [id=42220]
  0x0000023e7cb0bc30 ConcurrentGCThread "G1 Main Marker" [stack: 0x000000c31b100000,0x000000c31b200000] [id=15148]
  0x0000023e7cb0c640 ConcurrentGCThread "G1 Conc#0" [stack: 0x000000c31b200000,0x000000c31b300000] [id=38404]

[error occurred during error reporting (printing all threads), id 0xc0000005, EXCEPTION_ACCESS_VIOLATION (0xc0000005) at pc=0x00007ffadc3a1627]

VM state: not at safepoint (not fully initialized)

VM Mutex/Monitor currently owned by a thread:  ([mutex/lock_event])
[0x0000023e67868810] Heap_lock - owner thread: 0x0000023e6786c110

Heap address: 0x000000060bc00000, size: 8004 MB, Compressed Oops mode: Zero based, Oop shift amount: 3

CDS archive(s) mapped at: [0x0000000000000000-0x0000000000000000-0x0000000000000000), size 0, SharedBaseAddress: 0x0000000800000000, ArchiveRelocationMode: 0.
Narrow klass base: 0x0000000000000000, Narrow klass shift: 0, Narrow klass range: 0x0

GC Precious Log:
<Empty>

Heap:
 garbage-first heap   total 0K, used 0K [0x000000060bc00000, 0x0000000800000000)
  region size 4096K, 0 young (0K), 0 survivors (0K)

[error occurred during error reporting (printing heap information), id 0xc0000005, EXCEPTION_ACCESS_VIOLATION (0xc0000005) at pc=0x00007ffadc786119]

GC Heap History (0 events):
No events

Dll operation events (1 events):
Event: 0.015 Loaded shared library C:\Program Files\Zulu\zulu-17\bin\java.dll

Deoptimization events (0 events):
No events

Classes unloaded (0 events):
No events

Classes redefined (0 events):
No events

Internal exceptions (0 events):
No events

VM Operations (0 events):
No events

Events (0 events):
No events


Dynamic libraries:
0x00007ff694790000 - 0x00007ff69479e000 	C:\Program Files\Zulu\zulu-17\bin\java.exe
0x00007ffb9f970000 - 0x00007ffb9fb87000 	C:\WINDOWS\SYSTEM32\ntdll.dll
0x00007ffb9ead0000 - 0x00007ffb9eb94000 	C:\WINDOWS\System32\KERNEL32.DLL
0x00007ffb9cd40000 - 0x00007ffb9d111000 	C:\WINDOWS\System32\KERNELBASE.dll
0x00007ffb3cf70000 - 0x00007ffb3d04b000 	C:\Program Files\Bitdefender\Endpoint Security\bdhkm\dlls_267033639156221179\bdhkm64.dll
0x00007ffb292a0000 - 0x00007ffb29464000 	C:\Program Files\Bitdefender\Endpoint Security\atcuf\dlls_267762609495399199\atcuf64.dll
0x00007ffb9cab0000 - 0x00007ffb9cbc1000 	C:\WINDOWS\System32\ucrtbase.dll
0x00007ffb90a70000 - 0x00007ffb90a89000 	C:\Program Files\Zulu\zulu-17\bin\jli.dll
0x00007ffb9e900000 - 0x00007ffb9eab1000 	C:\WINDOWS\System32\USER32.dll
0x00007ffb9cd10000 - 0x00007ffb9cd36000 	C:\WINDOWS\System32\win32u.dll
0x00007ffb9e8d0000 - 0x00007ffb9e8f9000 	C:\WINDOWS\System32\GDI32.dll
0x00007ffb9d290000 - 0x00007ffb9d3ab000 	C:\WINDOWS\System32\gdi32full.dll
0x00007ffb9d570000 - 0x00007ffb9d60a000 	C:\WINDOWS\System32\msvcp_win.dll
0x00007ffb79590000 - 0x00007ffb795ab000 	C:\Program Files\Zulu\zulu-17\bin\VCRUNTIME140.dll
0x00007ffb604d0000 - 0x00007ffb60762000 	C:\WINDOWS\WinSxS\amd64_microsoft.windows.common-controls_6595b64144ccf1df_6.0.22621.4830_none_270fe7d773858e80\COMCTL32.dll
0x00007ffb9d760000 - 0x00007ffb9d807000 	C:\WINDOWS\System32\msvcrt.dll
0x00007ffb9d810000 - 0x00007ffb9d841000 	C:\WINDOWS\System32\IMM32.DLL
0x00007ffb96430000 - 0x00007ffb9643c000 	C:\Program Files\Zulu\zulu-17\bin\vcruntime140_1.dll
0x00007ffb422c0000 - 0x00007ffb4234d000 	C:\Program Files\Zulu\zulu-17\bin\msvcp140.dll
0x00007ffadc0b0000 - 0x00007ffadcd15000 	C:\Program Files\Zulu\zulu-17\bin\server\jvm.dll
0x00007ffb9f6b0000 - 0x00007ffb9f761000 	C:\WINDOWS\System32\ADVAPI32.dll
0x00007ffb9d850000 - 0x00007ffb9d8f7000 	C:\WINDOWS\System32\sechost.dll
0x00007ffb9d610000 - 0x00007ffb9d638000 	C:\WINDOWS\System32\bcrypt.dll
0x00007ffb9d640000 - 0x00007ffb9d754000 	C:\WINDOWS\System32\RPCRT4.dll
0x00007ffb58cd0000 - 0x00007ffb58cd9000 	C:\WINDOWS\SYSTEM32\WSOCK32.dll
0x00007ffb9f280000 - 0x00007ffb9f2f1000 	C:\WINDOWS\System32\WS2_32.dll
0x00007ffb92480000 - 0x00007ffb924b4000 	C:\WINDOWS\SYSTEM32\WINMM.dll
0x00007ffb9b720000 - 0x00007ffb9b72a000 	C:\WINDOWS\SYSTEM32\VERSION.dll
0x00007ffb9bbb0000 - 0x00007ffb9bbc8000 	C:\WINDOWS\SYSTEM32\kernel.appcore.dll
0x00007ffb96350000 - 0x00007ffb9635a000 	C:\Program Files\Zulu\zulu-17\bin\jimage.dll
0x00007ffb9a180000 - 0x00007ffb9a3b2000 	C:\WINDOWS\SYSTEM32\DBGHELP.DLL
0x00007ffb9eba0000 - 0x00007ffb9ef30000 	C:\WINDOWS\System32\combase.dll
0x00007ffb9e610000 - 0x00007ffb9e6e7000 	C:\WINDOWS\System32\OLEAUT32.dll
0x00007ffb8ea40000 - 0x00007ffb8ea72000 	C:\WINDOWS\SYSTEM32\dbgcore.DLL
0x00007ffb9d3b0000 - 0x00007ffb9d42b000 	C:\WINDOWS\System32\bcryptPrimitives.dll
0x00007ffb78c70000 - 0x00007ffb78c95000 	C:\Program Files\Zulu\zulu-17\bin\java.dll

dbghelp: loaded successfully - version: 4.0.5 - missing functions: none
symbol engine: initialized successfully - sym options: 0x614 - pdb path: .;C:\Program Files\Zulu\zulu-17\bin;C:\WINDOWS\SYSTEM32;C:\Program Files\Bitdefender\Endpoint Security\bdhkm\dlls_267033639156221179;C:\Program Files\Bitdefender\Endpoint Security\atcuf\dlls_267762609495399199;C:\WINDOWS\WinSxS\amd64_microsoft.windows.common-controls_6595b64144ccf1df_6.0.22621.4830_none_270fe7d773858e80;C:\Program Files\Zulu\zulu-17\bin\server

VM Arguments:
java_command: C:\Users\tony.mathew\AppData\Local\Temp\surefire14015709894899870059\surefirebooter-20250408181601114_3.jar C:\Users\tony.mathew\AppData\Local\Temp\surefire14015709894899870059 2025-04-08T18-16-00_897-jvmRun1 surefire-20250408181601114_1tmp surefire_0-20250408181601114_2tmp
java_class_path (initial): C:\Users\tony.mathew\AppData\Local\Temp\surefire14015709894899870059\surefirebooter-20250408181601114_3.jar
Launcher Type: SUN_STANDARD

[Global flags]
     intx CICompilerCount                          = 4                                         {product} {ergonomic}
     uint ConcGCThreads                            = 2                                         {product} {ergonomic}
     uint G1ConcRefinementThreads                  = 8                                         {product} {ergonomic}
   size_t G1HeapRegionSize                         = 4194304                                   {product} {ergonomic}
    uintx GCDrainStackTargetSize                   = 64                                        {product} {ergonomic}
   size_t InitialHeapSize                          = 528482304                                 {product} {ergonomic}
   size_t MarkStackSize                            = 4194304                                   {product} {ergonomic}
   size_t MaxHeapSize                              = 8392802304                                {product} {ergonomic}
   size_t MinHeapDeltaBytes                        = 4194304                                   {product} {ergonomic}
   size_t MinHeapSize                              = 8388608                                   {product} {ergonomic}
    uintx NonNMethodCodeHeapSize                   = 5839372                                {pd product} {ergonomic}
    uintx NonProfiledCodeHeapSize                  = 122909434                              {pd product} {ergonomic}
    uintx ProfiledCodeHeapSize                     = 122909434                              {pd product} {ergonomic}
    uintx ReservedCodeCacheSize                    = 251658240                              {pd product} {ergonomic}
     bool SegmentedCodeCache                       = true                                      {product} {ergonomic}
   size_t SoftMaxHeapSize                          = 8392802304                             {manageable} {ergonomic}
     bool UseCompressedClassPointers               = true                           {product lp64_product} {ergonomic}
     bool UseCompressedOops                        = true                           {product lp64_product} {ergonomic}
     bool UseG1GC                                  = true                                      {product} {ergonomic}
     bool UseLargePagesIndividualAllocation        = false                                  {pd product} {ergonomic}

Logging:
Log output configuration:
 #0: stdout all=warning uptime,level,tags
 #1: stderr all=off uptime,level,tags

Environment Variables:
JAVA_HOME=C:\Program Files\Zulu\zulu-17
PATH=C:\Program Files\Zulu\zulu-17\bin;C:\Program Files\Zulu\zulu-17;C:\Program Files (x86)\Common Files\Oracle\Java\javapath;C:\Program Files (x86)\Common Files\Oracle\Java\java8path;C:\WINDOWS\system32;C:\WINDOWS;C:\WINDOWS\System32\Wbem;C:\WINDOWS\System32\WindowsPowerShell\v1.0\;C:\WINDOWS\System32\OpenSSH\;C:\Program Files (x86)\WinSCP\;C:\Program Files\PuTTY\;C:\Program Files\apache-maven-3.9.0\bin;C:\Program Files\apache-maven-3.9.0\bin;-Xms256m -Xmx1024m;C:\Users\tony.mathew\AppData\Roaming\nvm;C:\Program Files\nodejs;C:\ProgramData\DockerDesktop\version-bin;C:\Program Files\dotnet\;C:\Program Files (x86)\Bitvise SSH Client;C:\Program Files\Amazon\AWSCLIV2\;C:\prg\;C:\Users\tony.mathew\;C:\Program Files\Docker\Docker\resources\bin;C:\Program Files (x86)\glab;C:\Program Files\Git\cmd;C:\Program Files\Apache-tomcat\apache-tomcat-9.0.102\bin;C:\Users\tony.mathew\AppData\Local\Programs\Python\Python312\Scripts\;C:\Users\tony.mathew\AppData\Local\Programs\Python\Python312\;C:\Users\tony.mathew\AppData\Local\Programs\Python\Python311\Scripts\;C:\Users\tony.mathew\AppData\Local\Programs\Python\Python311\;C:\Users\tony.mathew\AppData\Local\Programs\Python\Python38\Scripts\;C:\Users\tony.mathew\AppData\Local\Programs\Python\Python38\;C:\Program Files (x86)\Common Files\Oracle\Java\javapath;C:\Users\tony.mathew\AppData\Local\Microsoft\WindowsApps;C:\Users\tony.mathew\AppData\Local\JetBrains\Toolbox\scripts;C:\Program Files\Zulu\zulu-17\bin;C:\WINDOWS\system32;C:\WINDOWS;C:\WINDOWS\System32\Webem;C:\WINDOWS\System32\WindowPowerShell\v1.0\;C:\WINDOWS\System32\OpenSSH\;C:\Program Files\PuTTY;C:\Program Files\Git\cmd;C:\Program Files\Docker\Docker\resources\bin;C:\Program Files\apache-maven-3.9.0\bin;C:\Program Files\apache-maven-3.9.0\bin;-Xms256m -Xmx1024m;C:\Users\tony.mathew\AppData\Roaming\nvm;C:\Program Files\nodejs;C:\ProgramData\DockerDesktop\version-bin;C:\Program Files\dotnet;C:\Users\tony.mathew\AppData\Local\Microsoft\WindowsApps;C:\Users\tony.mathew\AppData\Loca
USERNAME=Tony.Mathew
OS=Windows_NT
PROCESSOR_IDENTIFIER=Intel64 Family 6 Model 140 Stepping 1, GenuineIntel
TMP=C:\Users\TONY~1.MAT\AppData\Local\Temp
TEMP=C:\Users\TONY~1.MAT\AppData\Local\Temp



---------------  S Y S T E M  ---------------

OS:
 Windows 11 , 64 bit Build 22621 (10.0.22621.4974)
OS uptime: 21 days 4:29 hours
Hyper-V role detected

CPU: total 8 (initial active 8) (4 cores per cpu, 2 threads per core) family 6 model 140 stepping 1 microcode 0xba, cx8, cmov, fxsr, ht, mmx, 3dnowpref, sse, sse2, sse3, ssse3, sse4.1, sse4.2, popcnt, lzcnt, tsc, tscinvbit, avx, avx2, aes, erms, clmul, bmi1, bmi2, adx, avx512f, avx512dq, avx512cd, avx512bw, avx512vl, sha, fma, vzeroupper, avx512_vpopcntdq, avx512_vpclmulqdq, avx512_vaes, avx512_vnni, clflush, clflushopt, clwb, avx512_vbmi2, avx512_vbmi, hv

Memory: 4k page, system-wide physical 32000M (4744M free)
TotalPageFile size 36098M (AvailPageFile size 13M)
current process WorkingSet (physical memory assigned to process): 14M, peak: 14M
current process commit charge ("private bytes"): 576M, peak: 584M

vm_info: OpenJDK 64-Bit Server VM (17.0.7+7-LTS) for windows-amd64 JRE (17.0.7+7-LTS) (Zulu17.42+19-CA), built on Apr 10 2023 13:02:30 by "zulu_re" with MS VC++ 16.10 / 16.11 (VS2019)

END.
